// Jest Snapshot v1, https://goo.gl/fbAQLP

exports[`ObjectIndex View should match the snapshot struct 1`] = `
<View>
  <Text>
    Home
  </Text>
  <Text>
    yo
  </Text>
  <Text>
    Url: 
  </Text>
</View>
`;
